DPI Packets (TCP):	23	(4.60 pkts/flow)
Confidence DPI (cache)      : 4 (flows)
Confidence DPI              : 1 (flows)
Num dissector calls: 15 (3.00 diss/flow)
LRU cache ookla:      0/0/0 (insert/search/found)
LRU cache bittorrent: 0/0/0 (insert/search/found)
LRU cache stun:       0/0/0 (insert/search/found)
LRU cache tls_cert:   1/6/4 (insert/search/found)
LRU cache mining:     0/0/0 (insert/search/found)
LRU cache msteams:    0/0/0 (insert/search/found)
LRU cache fpc_dns:    0/5/0 (insert/search/found)
Automa host:          5/0 (search/found)
Automa domain:        5/0 (search/found)
Automa tls cert:      1/1 (search/found)
Automa risk mask:     0/0 (search/found)
Automa common alpns:  0/0 (search/found)
Patricia risk mask:   0/0 (search/found)
Patricia risk mask IPv6: 0/0 (search/found)
Patricia risk:        0/0 (search/found)
Patricia risk IPv6:   0/0 (search/found)
Patricia protocols:   10/0 (search/found)
Patricia protocols IPv6: 0/0 (search/found)

FortiClient	2000	430931	5

Safe                          2000 430931        5            

	1	TCP 192.168.1.178:61820 <-> 82.81.46.13:10443 [proto: 91.259/TLS.FortiClient][IP: 0/Unknown][Encrypted][Confidence: DPI (cache)][FPC: 0/Unknown, Confidence: Unknown][DPI packets: 4][cat: VPN/2][1150 pkts/146555 bytes <-> 751 pkts/256436 bytes][Goodput ratio: 48/81][13.06 sec][Hostname/SNI: 82.81.46.13][bytes ratio: -0.273 (Download)][IAT c2s/s2c min/avg/max/stddev: 0/0 12/19 5218/5218 173/225][Pkt Len c2s/s2c min/avg/max/stddev: 66/66 127/341 1477/1506 88/427][TLSv1.2][Plen Bins: 0,19,33,15,17,6,0,3,0,1,0,0,0,0,0,0,0,0,0,0,1,0,0,0,0,0,0,0,0,0,1,0,0,0,0,0,0,0,0,0,0,0,0,0,0,0,0,0]
	2	TCP 192.168.1.178:61812 <-> 82.81.46.13:10443 [proto: 91.259/TLS.FortiClient][IP: 0/Unknown][Encrypted][Confidence: DPI (cache)][FPC: 0/Unknown, Confidence: Unknown][DPI packets: 4][cat: VPN/2][15 pkts/1753 bytes <-> 14 pkts/7481 bytes][Goodput ratio: 43/87][1.09 sec][Hostname/SNI: 82.81.46.13][bytes ratio: -0.620 (Download)][IAT c2s/s2c min/avg/max/stddev: 0/0 79/81 336/340 94/113][Pkt Len c2s/s2c min/avg/max/stddev: 66/66 117/534 450/1506 104/626][TLSv1.2][Plen Bins: 16,16,0,8,0,0,8,0,0,0,0,0,8,0,0,0,0,0,0,0,0,0,0,0,0,0,0,0,0,0,0,8,0,0,0,8,0,0,0,0,0,0,0,0,0,25,0,0]
	3	TCP 192.168.1.178:61806 <-> 82.81.46.13:10443 [proto: 91.259/TLS.FortiClient][IP: 0/Unknown][Encrypted][Confidence: DPI (cache)][FPC: 0/Unknown, Confidence: Unknown][DPI packets: 4][cat: VPN/2][14 pkts/1462 bytes <-> 11 pkts/6959 bytes][Goodput ratio: 36/89][1.09 sec][Hostname/SNI: 82.81.46.13][bytes ratio: -0.653 (Download)][IAT c2s/s2c min/avg/max/stddev: 0/0 93/89 336/401 92/145][Pkt Len c2s/s2c min/avg/max/stddev: 66/66 104/633 269/1506 66/634][TLSv1.2][Plen Bins: 9,18,0,9,0,9,9,0,0,0,0,0,0,0,0,0,0,0,0,0,0,0,0,0,0,0,9,0,0,0,0,9,0,0,0,0,0,0,0,0,0,0,0,0,0,27,0,0]
	4	TCP 192.168.1.178:61811 <-> 82.81.46.13:10443 [proto: 91.259/TLS.FortiClient][IP: 0/Unknown][Encrypted][Confidence: DPI (cache)][FPC: 0/Unknown, Confidence: Unknown][DPI packets: 4][cat: VPN/2][13 pkts/1582 bytes <-> 11 pkts/3875 bytes][Goodput ratio: 45/81][1.09 sec][Hostname/SNI: 82.81.46.13][bytes ratio: -0.420 (Download)][IAT c2s/s2c min/avg/max/stddev: 0/0 102/102 203/231 56/98][Pkt Len c2s/s2c min/avg/max/stddev: 66/66 122/352 269/1506 77/487][TLSv1.2][Plen Bins: 10,20,0,10,10,0,20,0,0,0,0,0,0,0,0,0,0,0,0,0,10,0,0,0,0,0,0,0,0,0,0,10,0,0,0,0,0,0,0,0,0,0,0,0,0,10,0,0]
	5	TCP 192.168.1.178:61805 <-> 82.81.46.13:10443 [proto: 91.259/TLS.FortiClient][IP: 0/Unknown][Encrypted][Confidence: DPI][FPC: 0/Unknown, Confidence: Unknown][DPI packets: 7][cat: VPN/2][12 pkts/1297 bytes <-> 9 pkts/3531 bytes][Goodput ratio: 38/83][1.11 sec][Hostname/SNI: 82.81.46.13][bytes ratio: -0.463 (Download)][IAT c2s/s2c min/avg/max/stddev: 0/0 104/123 332/395 92/157][Pkt Len c2s/s2c min/avg/max/stddev: 66/66 108/392 237/1506 64/508][TLSv1.2][Plen Bins: 11,22,0,11,0,22,0,0,0,0,0,0,0,11,0,0,0,0,0,0,0,0,0,0,0,0,0,0,0,0,0,11,0,0,0,0,0,0,0,0,0,0,0,0,0,11,0,0]
