DPI Packets (TCP):	10	(10.00 pkts/flow)
Confidence DPI              : 1 (flows)
Num dissector calls: 1 (1.00 diss/flow)
LRU cache ookla:      0/0/0 (insert/search/found)
LRU cache bittorrent: 0/0/0 (insert/search/found)
LRU cache stun:       0/0/0 (insert/search/found)
LRU cache tls_cert:   0/1/0 (insert/search/found)
LRU cache mining:     0/0/0 (insert/search/found)
LRU cache msteams:    0/0/0 (insert/search/found)
LRU cache fpc_dns:    0/1/0 (insert/search/found)
Automa host:          1/0 (search/found)
Automa domain:        1/0 (search/found)
Automa tls cert:      0/0 (search/found)
Automa risk mask:     0/0 (search/found)
Automa common alpns:  1/1 (search/found)
Patricia risk mask:   0/0 (search/found)
Patricia risk mask IPv6: 0/0 (search/found)
Patricia risk:        0/0 (search/found)
Patricia risk IPv6:   0/0 (search/found)
Patricia protocols:   1/1 (search/found)
Patricia protocols IPv6: 0/0 (search/found)

TLS	10	1549	1

Safe                            10 1549          1            

	1	TCP 192.168.12.156:39958 -> 172.67.21.133:443 [proto: 91/TLS][IP: 220/Cloudflare][Encrypted][Confidence: DPI][FPC: 220/Cloudflare, Confidence: IP address][DPI packets: 10][cat: Web/5][10 pkts/1549 bytes -> 0 pkts/0 bytes][Goodput ratio: 64/0][0.30 sec][Hostname/SNI: sb.adtidy.org][(Advertised) ALPNs: http/1.1][bytes ratio: 1.000 (Upload)][IAT c2s/s2c min/avg/max/stddev: 0/0 33/0 154/0 47/0][Pkt Len c2s/s2c min/avg/max/stddev: 54/0 155/0 571/0 179/0][TLSv1.2][Plen Bins: 25,25,0,0,0,0,0,0,0,0,0,0,25,0,0,0,25,0,0,0,0,0,0,0,0,0,0,0,0,0,0,0,0,0,0,0,0,0,0,0,0,0,0,0,0,0,0,0]
