DPI Packets (TCP):	6	(6.00 pkts/flow)
Confidence DPI              : 1 (flows)
Num dissector calls: 1 (1.00 diss/flow)
LRU cache ookla:      0/0/0 (insert/search/found)
LRU cache bittorrent: 0/0/0 (insert/search/found)
LRU cache stun:       0/0/0 (insert/search/found)
LRU cache tls_cert:   0/1/0 (insert/search/found)
LRU cache mining:     0/0/0 (insert/search/found)
LRU cache msteams:    0/0/0 (insert/search/found)
LRU cache fpc_dns:    0/1/0 (insert/search/found)
Automa host:          1/1 (search/found)
Automa domain:        1/0 (search/found)
Automa tls cert:      0/0 (search/found)
Automa risk mask:     0/0 (search/found)
Automa common alpns:  0/0 (search/found)
Patricia risk mask:   0/0 (search/found)
Patricia risk mask IPv6: 0/0 (search/found)
Patricia risk:        0/0 (search/found)
Patricia risk IPv6:   0/0 (search/found)
Patricia protocols:   1/1 (search/found)
Patricia protocols IPv6: 0/0 (search/found)

YouTubeUpload	18	7218	1

Fun                             18 7218          1            

	1	TCP 216.58.209.42:443 -> 192.168.12.156:43854 [proto: 91.136/TLS.YouTubeUpload][IP: 126/Google][Encrypted][Confidence: DPI][FPC: 126/Google, Confidence: IP address][DPI packets: 6][cat: Media/1][18 pkts/7218 bytes -> 0 pkts/0 bytes][Goodput ratio: 83/0][0.43 sec][bytes ratio: 1.000 (Upload)][IAT c2s/s2c min/avg/max/stddev: 0/0 26/0 233/0 57/0][Pkt Len c2s/s2c min/avg/max/stddev: 66/0 401/0 1484/0 503/0][TLSv1.2][Plen Bins: 0,25,8,0,8,0,0,0,0,8,16,0,0,8,0,0,0,0,0,0,0,0,0,0,0,0,0,0,0,0,0,0,0,0,0,0,0,0,0,0,0,0,0,0,25,0,0,0]
