DPI Packets (UDP):	2	(2.00 pkts/flow)
Confidence DPI              : 1 (flows)
Num dissector calls: 1 (1.00 diss/flow)
LRU cache ookla:      0/0/0 (insert/search/found)
LRU cache bittorrent: 0/0/0 (insert/search/found)
LRU cache stun:       0/0/0 (insert/search/found)
LRU cache tls_cert:   0/0/0 (insert/search/found)
LRU cache mining:     0/0/0 (insert/search/found)
LRU cache msteams:    0/0/0 (insert/search/found)
LRU cache fpc_dns:    1/0/0 (insert/search/found)
Automa host:          2/2 (search/found)
Automa domain:        2/0 (search/found)
Automa tls cert:      0/0 (search/found)
Automa risk mask:     1/0 (search/found)
Automa common alpns:  0/0 (search/found)
Patricia risk mask:   2/0 (search/found)
Patricia risk mask IPv6: 0/0 (search/found)
Patricia risk:        0/0 (search/found)
Patricia risk IPv6:   0/0 (search/found)
Patricia protocols:   2/0 (search/found)
Patricia protocols IPv6: 0/0 (search/found)

Google	80	10969	1

Acceptable                      80 10969         1            

	1	UDP 192.168.1.204:50234 <-> 192.168.1.253:53 [proto: 5.126/DNS.Google][IP: 0/Unknown][ClearText][Confidence: DPI][FPC: 5.126/DNS.Google, Confidence: DPI][DPI packets: 2][cat: Network/14][40 pkts/3152 bytes <-> 40 pkts/7817 bytes][Goodput ratio: 47/78][403.67 sec][Hostname/SNI: www.google.com][142.251.209.36][DNS Id: 0x1655][bytes ratio: -0.425 (Download)][IAT c2s/s2c min/avg/max/stddev: 23/9 11635/11637 110617/110608 23370/23370][Pkt Len c2s/s2c min/avg/max/stddev: 68/68 79/195 94/356 9/104][PLAIN TEXT (google)][Plen Bins: 27,36,6,8,0,1,5,2,6,7,0,0,0,0,0,0,0,0,0,0,0,0,0,0,0,0,0,0,0,0,0,0,0,0,0,0,0,0,0,0,0,0,0,0,0,0,0,0]
