DPI Packets (UDP):	3	(3.00 pkts/flow)
Confidence DPI              : 1 (flows)
Num dissector calls: 1 (1.00 diss/flow)
LRU cache ookla:      0/0/0 (insert/search/found)
LRU cache bittorrent: 0/0/0 (insert/search/found)
LRU cache stun:       0/0/0 (insert/search/found)
LRU cache tls_cert:   0/0/0 (insert/search/found)
LRU cache mining:     0/0/0 (insert/search/found)
LRU cache msteams:    0/0/0 (insert/search/found)
LRU cache fpc_dns:    1/0/0 (insert/search/found)
Automa host:          3/3 (search/found)
Automa domain:        3/0 (search/found)
Automa tls cert:      0/0 (search/found)
Automa risk mask:     0/0 (search/found)
Automa common alpns:  0/0 (search/found)
Patricia risk mask:   0/0 (search/found)
Patricia risk mask IPv6: 0/0 (search/found)
Patricia risk:        1/0 (search/found)
Patricia risk IPv6:   0/0 (search/found)
Patricia protocols:   1/1 (search/found)
Patricia protocols IPv6: 0/0 (search/found)

Microsoft	4	450	1

Safe                             4 450           1            

	1	UDP 37.41.101.140:11892 <-> 208.67.222.222:53 [VLAN: 103][proto: 5.212/DNS.Microsoft][IP: 225/OpenDNS][ClearText][Confidence: DPI][FPC: 5.212/DNS.Microsoft, Confidence: DPI][DPI packets: 3][cat: Network/14][2 pkts/150 bytes <-> 2 pkts/300 bytes][Goodput ratio: 38/69][0.20 sec][Hostname/SNI: api.msn.com][204.79.197.203][DNS Id: 0xb8e2][PLAIN TEXT (msedge)][Plen Bins: 50,0,0,50,0,0,0,0,0,0,0,0,0,0,0,0,0,0,0,0,0,0,0,0,0,0,0,0,0,0,0,0,0,0,0,0,0,0,0,0,0,0,0,0,0,0,0,0]
