DPI Packets (TCP):	6	(6.00 pkts/flow)
DPI Packets (UDP):	4	(1.33 pkts/flow)
Confidence DPI              : 4 (flows)
Num dissector calls: 13 (3.25 diss/flow)
LRU cache ookla:      0/0/0 (insert/search/found)
LRU cache bittorrent: 0/0/0 (insert/search/found)
LRU cache stun:       0/0/0 (insert/search/found)
LRU cache tls_cert:   0/0/0 (insert/search/found)
LRU cache mining:     0/0/0 (insert/search/found)
LRU cache msteams:    0/0/0 (insert/search/found)
LRU cache fpc_dns:    1/1/0 (insert/search/found)
Automa host:          6/3 (search/found)
Automa domain:        6/0 (search/found)
Automa tls cert:      0/0 (search/found)
Automa risk mask:     2/0 (search/found)
Automa common alpns:  0/0 (search/found)
Patricia risk mask:   4/0 (search/found)
Patricia risk mask IPv6: 0/0 (search/found)
Patricia risk:        1/0 (search/found)
Patricia risk IPv6:   2/0 (search/found)
Patricia protocols:   4/0 (search/found)
Patricia protocols IPv6: 4/0 (search/found)

DNS	16	3182	3
MDNS	1	371	1

Acceptable                      17 3553          4            

	1	TCP [2001:b07:a3d:c112:b831:a73f:7974:e604]:49774 <-> [2001:b07:a3d:c112::1]:53 [proto: 5/DNS][IP: 0/Unknown][ClearText][Confidence: DPI][FPC: 0/Unknown, Confidence: Unknown][DPI packets: 6][cat: Network/14][6 pkts/490 bytes <-> 5 pkts/2156 bytes][Goodput ratio: 7/82][0.01 sec][Hostname/SNI: opentracker.io][45.9.60.30][DNS Id: 0x3d73][bytes ratio: -0.630 (Download)][IAT c2s/s2c min/avg/max/stddev: 0/0 2/2 6/5 3/2][Pkt Len c2s/s2c min/avg/max/stddev: 74/74 82/431 108/1294 13/481][TCP Fingerprint: 2_64_65535_108f896b6121/Unknown][PLAIN TEXT (opentracker)][Plen Bins: 0,33,0,0,0,0,0,0,0,0,0,0,0,0,0,0,0,33,0,0,0,0,0,0,0,0,0,0,0,0,0,0,0,0,0,0,0,0,33,0,0,0,0,0,0,0,0,0]
	2	UDP [fe80::a00:27ff:feb3:e62e]:5353 -> [ff02::fb]:5353 [proto: 8/MDNS][IP: 0/Unknown][ClearText][Confidence: DPI][FPC: 8/MDNS, Confidence: DPI][DPI packets: 1][cat: Network/14][1 pkts/371 bytes -> 0 pkts/0 bytes][Goodput ratio: 83/0][< 1 sec][Hostname/SNI: e.2.6.e.3.b.e.f.f.f.7.2.0.0.a.0.0.0.0.0.0.0.0.0.0.0.0.0.0.8.e.f.ip6.arpa][e.2.6.e.3.b.e.f.f.f.7.2.0.0.a.0.0.0.0.0.0.0.0.0.0.0.0.0.0.8.e.f.ip6.arpa][PLAIN TEXT (Android)][Plen Bins: 0,0,0,0,0,0,0,0,0,100,0,0,0,0,0,0,0,0,0,0,0,0,0,0,0,0,0,0,0,0,0,0,0,0,0,0,0,0,0,0,0,0,0,0,0,0,0,0]
	3	UDP 82.178.113.245:47255 <-> 82.178.158.181:53 [VLAN: 785][proto: 5/DNS][IP: 0/Unknown][ClearText][Confidence: DPI][FPC: 5/DNS, Confidence: DPI][DPI packets: 2][cat: Network/14][1 pkts/91 bytes <-> 1 pkts/219 bytes][Goodput ratio: 36/73][0.00 sec][Hostname/SNI: e7.whatsapp.net][169.45.219.235][DNS Id: 0x7843][PLAIN TEXT (whatsapp)][Plen Bins: 0,50,0,0,0,50,0,0,0,0,0,0,0,0,0,0,0,0,0,0,0,0,0,0,0,0,0,0,0,0,0,0,0,0,0,0,0,0,0,0,0,0,0,0,0,0,0,0]
	4	UDP 192.168.170.20:53 <-> 192.168.170.8:32795 [proto: 5/DNS][IP: 0/Unknown][ClearText][Confidence: DPI][FPC: 5/DNS, Confidence: DPI][DPI packets: 1][cat: Network/14][2 pkts/151 bytes <-> 1 pkts/75 bytes][Goodput ratio: 44/43][41.07 sec][Hostname/SNI: www.l.google.com][0.0.0.0][DNS Id: 0xdca2][PLAIN TEXT (google)][Plen Bins: 0,100,0,0,0,0,0,0,0,0,0,0,0,0,0,0,0,0,0,0,0,0,0,0,0,0,0,0,0,0,0,0,0,0,0,0,0,0,0,0,0,0,0,0,0,0,0,0]
