DPI Packets (UDP):	1	(1.00 pkts/flow)
Confidence DPI              : 1 (flows)
Num dissector calls: 1 (1.00 diss/flow)
LRU cache ookla:      0/0/0 (insert/search/found)
LRU cache bittorrent: 0/0/0 (insert/search/found)
LRU cache stun:       0/0/0 (insert/search/found)
LRU cache tls_cert:   0/0/0 (insert/search/found)
LRU cache mining:     0/0/0 (insert/search/found)
LRU cache msteams:    0/0/0 (insert/search/found)
LRU cache fpc_dns:    1/0/0 (insert/search/found)
Automa host:          1/1 (search/found)
Automa domain:        1/0 (search/found)
Automa tls cert:      0/0 (search/found)
Automa risk mask:     1/0 (search/found)
Automa common alpns:  0/0 (search/found)
Patricia risk mask:   2/0 (search/found)
Patricia risk mask IPv6: 0/0 (search/found)
Patricia risk:        0/0 (search/found)
Patricia risk IPv6:   0/0 (search/found)
Patricia protocols:   1/1 (search/found)
Patricia protocols IPv6: 0/0 (search/found)

DNS	1	104	1

Acceptable                       1 104           1            

	1	UDP 8.8.8.8:53 -> 192.168.255.251:56550 [proto: 5/DNS][IP: 126/Google][ClearText][Confidence: DPI][FPC: 5/DNS, Confidence: DPI][DPI packets: 1][cat: Network/14][1 pkts/104 bytes -> 0 pkts/0 bytes][Goodput ratio: 59/0][< 1 sec][Hostname/SNI: www.github.com][140.82.121.4][DNS Id: 0xdeec][Risk: ** Unidirectional Traffic **][Risk Score: 10][Risk Info: No client to server traffic][PLAIN TEXT (github)][Plen Bins: 0,100,0,0,0,0,0,0,0,0,0,0,0,0,0,0,0,0,0,0,0,0,0,0,0,0,0,0,0,0,0,0,0,0,0,0,0,0,0,0,0,0,0,0,0,0,0,0]
