DPI Packets (TCP):	13	(1.00 pkts/flow)
DPI Packets (UDP):	17	(1.00 pkts/flow)
Confidence DPI              : 30 (flows)
Num dissector calls: 1794 (59.80 diss/flow)
LRU cache ookla:      0/0/0 (insert/search/found)
LRU cache bittorrent: 0/0/0 (insert/search/found)
LRU cache stun:       0/0/0 (insert/search/found)
LRU cache tls_cert:   0/4/0 (insert/search/found)
LRU cache mining:     0/0/0 (insert/search/found)
LRU cache msteams:    0/0/0 (insert/search/found)
LRU cache fpc_dns:    1/0/0 (insert/search/found)
Automa host:          13/13 (search/found)
Automa domain:        13/0 (search/found)
Automa tls cert:      0/0 (search/found)
Automa risk mask:     12/0 (search/found)
Automa common alpns:  13/13 (search/found)
Patricia risk mask:   48/0 (search/found)
Patricia risk mask IPv6: 0/0 (search/found)
Patricia risk:        24/0 (search/found)
Patricia risk IPv6:   0/0 (search/found)
Patricia protocols:   59/2 (search/found)
Patricia protocols IPv6: 0/0 (search/found)

DNS	5	408	5
TLS	5	6130	5
LagoFast	20	5732	20

Safe                             5 6130          5            
Acceptable                      25 6140          25           

JA Host Stats: 
		 IP Address                  	 # JA4C     
	1	 180.239.121.250          	 1      
	2	 206.184.203.226          	 1      
	3	 105.60.130.195           	 1      
	4	 236.82.25.211            	 1      
	5	 0.230.137.78             	 1      
	6	 172.142.219.219          	 1      
	7	 224.201.159.146          	 1      
	8	 99.189.94.53             	 1      


	1	TCP 49.118.157.237:443 -> 251.114.223.28:44636 [proto: 91/TLS][IP: 0/Unknown][Encrypted][Confidence: DPI][FPC: 91/TLS, Confidence: DPI][DPI packets: 1][cat: Web/5][1 pkts/1506 bytes -> 0 pkts/0 bytes][Goodput ratio: 96/0][< 1 sec][TLSv1.3][JA3S: f4febc55ea12b31ae17cfb7e614afda8][Cipher: TLS_AES_128_GCM_SHA256][Plen Bins: 0,0,0,0,0,0,0,0,0,0,0,0,0,0,0,0,0,0,0,0,0,0,0,0,0,0,0,0,0,0,0,0,0,0,0,0,0,0,0,0,0,0,0,0,0,100,0,0]
	2	TCP 136.238.7.95:443 -> 231.209.192.237:44640 [proto: 91/TLS][IP: 0/Unknown][Encrypted][Confidence: DPI][FPC: 91/TLS, Confidence: DPI][DPI packets: 1][cat: Web/5][1 pkts/1506 bytes -> 0 pkts/0 bytes][Goodput ratio: 96/0][< 1 sec][TLSv1.3][JA3S: f4febc55ea12b31ae17cfb7e614afda8][Cipher: TLS_AES_128_GCM_SHA256][Plen Bins: 0,0,0,0,0,0,0,0,0,0,0,0,0,0,0,0,0,0,0,0,0,0,0,0,0,0,0,0,0,0,0,0,0,0,0,0,0,0,0,0,0,0,0,0,0,100,0,0]
	3	TCP 226.143.37.182:443 -> 70.254.111.101:37898 [proto: 91/TLS][IP: 0/Unknown][Encrypted][Confidence: DPI][FPC: 91/TLS, Confidence: DPI][DPI packets: 1][cat: Web/5][1 pkts/1506 bytes -> 0 pkts/0 bytes][Goodput ratio: 96/0][< 1 sec][Risk: ** Unidirectional Traffic **][Risk Score: 10][Risk Info: No client to server traffic][TLSv1.3][JA3S: f4febc55ea12b31ae17cfb7e614afda8][Cipher: TLS_AES_128_GCM_SHA256][Plen Bins: 0,0,0,0,0,0,0,0,0,0,0,0,0,0,0,0,0,0,0,0,0,0,0,0,0,0,0,0,0,0,0,0,0,0,0,0,0,0,0,0,0,0,0,0,0,100,0,0]
	4	TCP 24.105.33.150:443 -> 5.163.124.163:47280 [proto: 91/TLS][IP: 213/Starcraft][Encrypted][Confidence: DPI][FPC: 91/TLS, Confidence: DPI][DPI packets: 1][cat: Web/5][1 pkts/1494 bytes -> 0 pkts/0 bytes][Goodput ratio: 96/0][< 1 sec][Risk: ** Unidirectional Traffic **][Risk Score: 10][Risk Info: No client to server traffic][TLSv1.3][JA3S: f4febc55ea12b31ae17cfb7e614afda8][Cipher: TLS_AES_128_GCM_SHA256][Plen Bins: 0,0,0,0,0,0,0,0,0,0,0,0,0,0,0,0,0,0,0,0,0,0,0,0,0,0,0,0,0,0,0,0,0,0,0,0,0,0,0,0,0,0,0,0,100,0,0,0]
	5	TCP 0.230.137.78:39354 -> 142.141.18.132:443 [proto: 91.444/TLS.LagoFast][IP: 0/Unknown][Encrypted][Confidence: DPI][FPC: 91.444/TLS.LagoFast, Confidence: DPI][DPI packets: 1][cat: VPN/2][1 pkts/583 bytes -> 0 pkts/0 bytes][Goodput ratio: 89/0][< 1 sec][Hostname/SNI: gabooster.6fast.com][(Advertised) ALPNs: http/1.1][TLS Supported Versions: TLSv1.3;TLSv1.2][Risk: ** Unidirectional Traffic **][Risk Score: 10][Risk Info: No server to client traffic][TLSv1.2][JA4: t13d1713ht_5b57614c22b0_eca864cca44a][Safari][PLAIN TEXT (gabooster.6)][Plen Bins: 0,0,0,0,0,0,0,0,0,0,0,0,0,0,0,0,100,0,0,0,0,0,0,0,0,0,0,0,0,0,0,0,0,0,0,0,0,0,0,0,0,0,0,0,0,0,0,0]
	6	TCP 99.189.94.53:45702 -> 185.5.215.83:443 [proto: 91.444/TLS.LagoFast][IP: 0/Unknown][Encrypted][Confidence: DPI][FPC: 91.444/TLS.LagoFast, Confidence: DPI][DPI packets: 1][cat: VPN/2][1 pkts/571 bytes -> 0 pkts/0 bytes][Goodput ratio: 90/0][< 1 sec][Hostname/SNI: report.lagofast.com][(Advertised) ALPNs: h2;http/1.1][TLS Supported Versions: TLSv1.3;TLSv1.2][Risk: ** Unidirectional Traffic **][Risk Score: 10][Risk Info: No server to client traffic][TLSv1.2][JA4: t13d1513h2_8daaf6152771_eca864cca44a][Safari][PLAIN TEXT (report.lagofast.com)][Plen Bins: 0,0,0,0,0,0,0,0,0,0,0,0,0,0,0,0,100,0,0,0,0,0,0,0,0,0,0,0,0,0,0,0,0,0,0,0,0,0,0,0,0,0,0,0,0,0,0,0]
	7	TCP 105.60.130.195:44642 -> 186.249.185.190:443 [proto: 91.444/TLS.LagoFast][IP: 0/Unknown][Encrypted][Confidence: DPI][FPC: 91.444/TLS.LagoFast, Confidence: DPI][DPI packets: 1][cat: VPN/2][1 pkts/571 bytes -> 0 pkts/0 bytes][Goodput ratio: 90/0][< 1 sec][Hostname/SNI: cbs.lagofast.com][(Advertised) ALPNs: h2;http/1.1][TLS Supported Versions: TLSv1.3;TLSv1.2][Risk: ** Unidirectional Traffic **][Risk Score: 10][Risk Info: No server to client traffic][TLSv1.2][JA4: t13d1513h2_8daaf6152771_eca864cca44a][Safari][PLAIN TEXT (bs.lagofast.com)][Plen Bins: 0,0,0,0,0,0,0,0,0,0,0,0,0,0,0,0,100,0,0,0,0,0,0,0,0,0,0,0,0,0,0,0,0,0,0,0,0,0,0,0,0,0,0,0,0,0,0,0]
	8	TCP 172.142.219.219:44644 -> 5.97.101.77:443 [proto: 91.444/TLS.LagoFast][IP: 0/Unknown][Encrypted][Confidence: DPI][FPC: 91.444/TLS.LagoFast, Confidence: DPI][DPI packets: 1][cat: VPN/2][1 pkts/571 bytes -> 0 pkts/0 bytes][Goodput ratio: 90/0][< 1 sec][Hostname/SNI: cbs.lagofast.com][(Advertised) ALPNs: h2;http/1.1][TLS Supported Versions: TLSv1.3;TLSv1.2][Risk: ** Unidirectional Traffic **][Risk Score: 10][Risk Info: No server to client traffic][TLSv1.2][JA4: t13d1513h2_8daaf6152771_eca864cca44a][Safari][PLAIN TEXT (bs.lagofast.com)][Plen Bins: 0,0,0,0,0,0,0,0,0,0,0,0,0,0,0,0,100,0,0,0,0,0,0,0,0,0,0,0,0,0,0,0,0,0,0,0,0,0,0,0,0,0,0,0,0,0,0,0]
	9	TCP 180.239.121.250:44636 -> 23.200.86.51:443 [proto: 91.444/TLS.LagoFast][IP: 0/Unknown][Encrypted][Confidence: DPI][FPC: 91.444/TLS.LagoFast, Confidence: DPI][DPI packets: 1][cat: VPN/2][1 pkts/571 bytes -> 0 pkts/0 bytes][Goodput ratio: 90/0][< 1 sec][Hostname/SNI: cbs.lagofast.com][(Advertised) ALPNs: h2;http/1.1][TLS Supported Versions: TLSv1.3;TLSv1.2][Risk: ** Unidirectional Traffic **][Risk Score: 10][Risk Info: No server to client traffic][TLSv1.2][JA4: t13d1513h2_8daaf6152771_eca864cca44a][Safari][PLAIN TEXT (bs.lagofast.com)][Plen Bins: 0,0,0,0,0,0,0,0,0,0,0,0,0,0,0,0,100,0,0,0,0,0,0,0,0,0,0,0,0,0,0,0,0,0,0,0,0,0,0,0,0,0,0,0,0,0,0,0]
	10	TCP 206.184.203.226:44640 -> 8.106.2.77:443 [proto: 91.444/TLS.LagoFast][IP: 0/Unknown][Encrypted][Confidence: DPI][FPC: 91.444/TLS.LagoFast, Confidence: DPI][DPI packets: 1][cat: VPN/2][1 pkts/571 bytes -> 0 pkts/0 bytes][Goodput ratio: 90/0][< 1 sec][Hostname/SNI: cbs.lagofast.com][(Advertised) ALPNs: http/1.1][TLS Supported Versions: TLSv1.3;TLSv1.2][Risk: ** Unidirectional Traffic **][Risk Score: 10][Risk Info: No server to client traffic][TLSv1.2][JA4: t13d1713ht_5b57614c22b0_eca864cca44a][Safari][PLAIN TEXT (bs.lagofast.com)][Plen Bins: 0,0,0,0,0,0,0,0,0,0,0,0,0,0,0,0,100,0,0,0,0,0,0,0,0,0,0,0,0,0,0,0,0,0,0,0,0,0,0,0,0,0,0,0,0,0,0,0]
	11	TCP 224.201.159.146:37898 -> 15.33.130.35:443 [proto: 91.444/TLS.LagoFast][IP: 0/Unknown][Encrypted][Confidence: DPI][FPC: 91.444/TLS.LagoFast, Confidence: DPI][DPI packets: 1][cat: VPN/2][1 pkts/571 bytes -> 0 pkts/0 bytes][Goodput ratio: 90/0][< 1 sec][Hostname/SNI: static.lagofast.com][(Advertised) ALPNs: http/1.1][TLS Supported Versions: TLSv1.3;TLSv1.2][Risk: ** Unidirectional Traffic **][Risk Score: 10][Risk Info: No server to client traffic][TLSv1.2][JA4: t13d1713ht_5b57614c22b0_eca864cca44a][Safari][PLAIN TEXT (static.lagofast.com)][Plen Bins: 0,0,0,0,0,0,0,0,0,0,0,0,0,0,0,0,100,0,0,0,0,0,0,0,0,0,0,0,0,0,0,0,0,0,0,0,0,0,0,0,0,0,0,0,0,0,0,0]
	12	TCP 236.82.25.211:45722 -> 237.191.110.161:443 [proto: 91.444/TLS.LagoFast][IP: 0/Unknown][Encrypted][Confidence: DPI][FPC: 91.444/TLS.LagoFast, Confidence: DPI][DPI packets: 1][cat: VPN/2][1 pkts/571 bytes -> 0 pkts/0 bytes][Goodput ratio: 90/0][< 1 sec][Hostname/SNI: report.lagofast.com][(Advertised) ALPNs: h2;http/1.1][TLS Supported Versions: TLSv1.3;TLSv1.2][TLSv1.2][JA4: t13d1513h2_8daaf6152771_eca864cca44a][Safari][PLAIN TEXT (report.lagofast.com)][Plen Bins: 0,0,0,0,0,0,0,0,0,0,0,0,0,0,0,0,100,0,0,0,0,0,0,0,0,0,0,0,0,0,0,0,0,0,0,0,0,0,0,0,0,0,0,0,0,0,0,0]
	13	TCP 109.65.199.230:37898 -> 9.207.246.240:443 [proto: 91/TLS][IP: 0/Unknown][Encrypted][Confidence: DPI][FPC: 91/TLS, Confidence: DPI][DPI packets: 1][cat: Web/5][1 pkts/118 bytes -> 0 pkts/0 bytes][Goodput ratio: 54/0][< 1 sec][Risk: ** Unidirectional Traffic **][Risk Score: 10][Risk Info: No server to client traffic][Plen Bins: 0,0,100,0,0,0,0,0,0,0,0,0,0,0,0,0,0,0,0,0,0,0,0,0,0,0,0,0,0,0,0,0,0,0,0,0,0,0,0,0,0,0,0,0,0,0,0,0]
	14	UDP 0.40.128.100:59607 -> 172.119.18.180:2672 [proto: 444/LagoFast][IP: 0/Unknown][Encrypted][Confidence: DPI][FPC: 444/LagoFast, Confidence: DPI][DPI packets: 1][cat: VPN/2][1 pkts/96 bytes -> 0 pkts/0 bytes][Goodput ratio: 56/0][< 1 sec][Risk: ** Unidirectional Traffic **][Risk Score: 10][Risk Info: No server to client traffic][Plen Bins: 0,100,0,0,0,0,0,0,0,0,0,0,0,0,0,0,0,0,0,0,0,0,0,0,0,0,0,0,0,0,0,0,0,0,0,0,0,0,0,0,0,0,0,0,0,0,0,0]
	15	UDP 23.147.144.74:59607 -> 63.29.27.84:6198 [proto: 444/LagoFast][IP: 0/Unknown][Encrypted][Confidence: DPI][FPC: 444/LagoFast, Confidence: DPI][DPI packets: 1][cat: VPN/2][1 pkts/96 bytes -> 0 pkts/0 bytes][Goodput ratio: 56/0][< 1 sec][Risk: ** Unidirectional Traffic **][Risk Score: 10][Risk Info: No server to client traffic][Plen Bins: 0,100,0,0,0,0,0,0,0,0,0,0,0,0,0,0,0,0,0,0,0,0,0,0,0,0,0,0,0,0,0,0,0,0,0,0,0,0,0,0,0,0,0,0,0,0,0,0]
	16	UDP 25.125.160.55:59607 -> 55.148.149.242:1855 [proto: 444/LagoFast][IP: 0/Unknown][Encrypted][Confidence: DPI][FPC: 444/LagoFast, Confidence: DPI][DPI packets: 1][cat: VPN/2][1 pkts/96 bytes -> 0 pkts/0 bytes][Goodput ratio: 56/0][< 1 sec][Risk: ** Unidirectional Traffic **][Risk Score: 10][Risk Info: No server to client traffic][Plen Bins: 0,100,0,0,0,0,0,0,0,0,0,0,0,0,0,0,0,0,0,0,0,0,0,0,0,0,0,0,0,0,0,0,0,0,0,0,0,0,0,0,0,0,0,0,0,0,0,0]
	17	UDP 38.210.140.253:59607 -> 248.126.41.103:8190 [proto: 444/LagoFast][IP: 0/Unknown][Encrypted][Confidence: DPI][FPC: 444/LagoFast, Confidence: DPI][DPI packets: 1][cat: VPN/2][1 pkts/96 bytes -> 0 pkts/0 bytes][Goodput ratio: 56/0][< 1 sec][Plen Bins: 0,100,0,0,0,0,0,0,0,0,0,0,0,0,0,0,0,0,0,0,0,0,0,0,0,0,0,0,0,0,0,0,0,0,0,0,0,0,0,0,0,0,0,0,0,0,0,0]
	18	UDP 46.18.153.127:59607 -> 228.2.57.157:10510 [proto: 444/LagoFast][IP: 0/Unknown][Encrypted][Confidence: DPI][FPC: 444/LagoFast, Confidence: DPI][DPI packets: 1][cat: VPN/2][1 pkts/96 bytes -> 0 pkts/0 bytes][Goodput ratio: 56/0][< 1 sec][Plen Bins: 0,100,0,0,0,0,0,0,0,0,0,0,0,0,0,0,0,0,0,0,0,0,0,0,0,0,0,0,0,0,0,0,0,0,0,0,0,0,0,0,0,0,0,0,0,0,0,0]
	19	UDP 50.138.250.44:59607 -> 87.176.151.245:4477 [proto: 444/LagoFast][IP: 0/Unknown][Encrypted][Confidence: DPI][FPC: 444/LagoFast, Confidence: DPI][DPI packets: 1][cat: VPN/2][1 pkts/96 bytes -> 0 pkts/0 bytes][Goodput ratio: 56/0][< 1 sec][Risk: ** Unidirectional Traffic **][Risk Score: 10][Risk Info: No server to client traffic][Plen Bins: 0,100,0,0,0,0,0,0,0,0,0,0,0,0,0,0,0,0,0,0,0,0,0,0,0,0,0,0,0,0,0,0,0,0,0,0,0,0,0,0,0,0,0,0,0,0,0,0]
	20	UDP 50.245.97.76:59607 -> 104.30.90.163:7864 [proto: 444/LagoFast][IP: 0/Unknown][Encrypted][Confidence: DPI][FPC: 444/LagoFast, Confidence: DPI][DPI packets: 1][cat: VPN/2][1 pkts/96 bytes -> 0 pkts/0 bytes][Goodput ratio: 56/0][< 1 sec][Risk: ** Unidirectional Traffic **][Risk Score: 10][Risk Info: No server to client traffic][Plen Bins: 0,100,0,0,0,0,0,0,0,0,0,0,0,0,0,0,0,0,0,0,0,0,0,0,0,0,0,0,0,0,0,0,0,0,0,0,0,0,0,0,0,0,0,0,0,0,0,0]
	21	UDP 57.213.147.123:59607 -> 56.213.47.40:4477 [proto: 444/LagoFast][IP: 0/Unknown][Encrypted][Confidence: DPI][FPC: 444/LagoFast, Confidence: DPI][DPI packets: 1][cat: VPN/2][1 pkts/96 bytes -> 0 pkts/0 bytes][Goodput ratio: 56/0][< 1 sec][Risk: ** Unidirectional Traffic **][Risk Score: 10][Risk Info: No server to client traffic][Plen Bins: 0,100,0,0,0,0,0,0,0,0,0,0,0,0,0,0,0,0,0,0,0,0,0,0,0,0,0,0,0,0,0,0,0,0,0,0,0,0,0,0,0,0,0,0,0,0,0,0]
	22	UDP 77.134.62.224:59607 -> 43.83.218.54:1189 [proto: 444/LagoFast][IP: 0/Unknown][Encrypted][Confidence: DPI][FPC: 444/LagoFast, Confidence: DPI][DPI packets: 1][cat: VPN/2][1 pkts/96 bytes -> 0 pkts/0 bytes][Goodput ratio: 56/0][< 1 sec][Risk: ** Unidirectional Traffic **][Risk Score: 10][Risk Info: No server to client traffic][Plen Bins: 0,100,0,0,0,0,0,0,0,0,0,0,0,0,0,0,0,0,0,0,0,0,0,0,0,0,0,0,0,0,0,0,0,0,0,0,0,0,0,0,0,0,0,0,0,0,0,0]
	23	UDP 149.210.152.94:59607 -> 10.63.255.254:8190 [proto: 444/LagoFast][IP: 0/Unknown][Encrypted][Confidence: DPI][FPC: 444/LagoFast, Confidence: DPI][DPI packets: 1][cat: VPN/2][1 pkts/96 bytes -> 0 pkts/0 bytes][Goodput ratio: 56/0][< 1 sec][Risk: ** Unidirectional Traffic **][Risk Score: 10][Risk Info: No server to client traffic][Plen Bins: 0,100,0,0,0,0,0,0,0,0,0,0,0,0,0,0,0,0,0,0,0,0,0,0,0,0,0,0,0,0,0,0,0,0,0,0,0,0,0,0,0,0,0,0,0,0,0,0]
	24	UDP 196.228.157.219:59607 -> 206.16.55.103:4750 [proto: 444/LagoFast][IP: 0/Unknown][Encrypted][Confidence: DPI][FPC: 444/LagoFast, Confidence: DPI][DPI packets: 1][cat: VPN/2][1 pkts/96 bytes -> 0 pkts/0 bytes][Goodput ratio: 56/0][< 1 sec][Risk: ** Unidirectional Traffic **][Risk Score: 10][Risk Info: No server to client traffic][Plen Bins: 0,100,0,0,0,0,0,0,0,0,0,0,0,0,0,0,0,0,0,0,0,0,0,0,0,0,0,0,0,0,0,0,0,0,0,0,0,0,0,0,0,0,0,0,0,0,0,0]
	25	UDP 212.123.54.116:59607 -> 245.4.176.194:6808 [proto: 444/LagoFast][IP: 0/Unknown][Encrypted][Confidence: DPI][FPC: 444/LagoFast, Confidence: DPI][DPI packets: 1][cat: VPN/2][1 pkts/96 bytes -> 0 pkts/0 bytes][Goodput ratio: 56/0][< 1 sec][Plen Bins: 0,100,0,0,0,0,0,0,0,0,0,0,0,0,0,0,0,0,0,0,0,0,0,0,0,0,0,0,0,0,0,0,0,0,0,0,0,0,0,0,0,0,0,0,0,0,0,0]
	26	UDP 251.113.201.83:53 -> 202.196.158.89:49790 [proto: 5/DNS][IP: 0/Unknown][ClearText][Confidence: DPI][FPC: 5/DNS, Confidence: DPI][DPI packets: 1][cat: Network/14][1 pkts/95 bytes -> 0 pkts/0 bytes][Goodput ratio: 55/0][< 1 sec][Hostname/SNI: gabooster.6fast.com][47.251.168.225][DNS Id: 0x425b][Risk: ** Unidirectional Traffic **][Risk Score: 10][Risk Info: No client to server traffic][PLAIN TEXT (gabooster)][Plen Bins: 0,100,0,0,0,0,0,0,0,0,0,0,0,0,0,0,0,0,0,0,0,0,0,0,0,0,0,0,0,0,0,0,0,0,0,0,0,0,0,0,0,0,0,0,0,0,0,0]
	27	UDP 40.105.164.193:43932 -> 99.193.243.15:53 [proto: 5/DNS][IP: 21/Outlook][ClearText][Confidence: DPI][FPC: 5/DNS, Confidence: DPI][DPI packets: 1][cat: Network/14][1 pkts/79 bytes -> 0 pkts/0 bytes][Goodput ratio: 46/0][< 1 sec][Hostname/SNI: report.lagofast.com][0.0.0.0][DNS Id: 0x3c8e][Risk: ** Unidirectional Traffic **][Risk Score: 10][Risk Info: No server to client traffic][PLAIN TEXT (report)][Plen Bins: 0,100,0,0,0,0,0,0,0,0,0,0,0,0,0,0,0,0,0,0,0,0,0,0,0,0,0,0,0,0,0,0,0,0,0,0,0,0,0,0,0,0,0,0,0,0,0,0]
	28	UDP 157.117.212.161:7725 -> 124.69.119.132:53 [proto: 5/DNS][IP: 0/Unknown][ClearText][Confidence: DPI][FPC: 5/DNS, Confidence: DPI][DPI packets: 1][cat: Network/14][1 pkts/79 bytes -> 0 pkts/0 bytes][Goodput ratio: 46/0][< 1 sec][Hostname/SNI: static.lagofast.com][0.0.0.0][DNS Id: 0x9237][Risk: ** Unidirectional Traffic **][Risk Score: 10][Risk Info: No server to client traffic][PLAIN TEXT (static)][Plen Bins: 0,100,0,0,0,0,0,0,0,0,0,0,0,0,0,0,0,0,0,0,0,0,0,0,0,0,0,0,0,0,0,0,0,0,0,0,0,0,0,0,0,0,0,0,0,0,0,0]
	29	UDP 216.47.212.93:49790 -> 26.156.197.59:53 [proto: 5/DNS][IP: 0/Unknown][ClearText][Confidence: DPI][FPC: 5/DNS, Confidence: DPI][DPI packets: 1][cat: Network/14][1 pkts/79 bytes -> 0 pkts/0 bytes][Goodput ratio: 46/0][< 1 sec][Hostname/SNI: gabooster.6fast.com][0.0.0.0][DNS Id: 0x425b][Risk: ** Unidirectional Traffic **][Risk Score: 10][Risk Info: No server to client traffic][PLAIN TEXT (gabooster)][Plen Bins: 0,100,0,0,0,0,0,0,0,0,0,0,0,0,0,0,0,0,0,0,0,0,0,0,0,0,0,0,0,0,0,0,0,0,0,0,0,0,0,0,0,0,0,0,0,0,0,0]
	30	UDP 187.34.30.159:11381 -> 44.6.46.200:53 [proto: 5/DNS][IP: 0/Unknown][ClearText][Confidence: DPI][FPC: 5/DNS, Confidence: DPI][DPI packets: 1][cat: Network/14][1 pkts/76 bytes -> 0 pkts/0 bytes][Goodput ratio: 44/0][< 1 sec][Hostname/SNI: cbs.lagofast.com][0.0.0.0][DNS Id: 0x36f3][Risk: ** Unidirectional Traffic **][Risk Score: 10][Risk Info: No server to client traffic][PLAIN TEXT (lagofast)][Plen Bins: 0,100,0,0,0,0,0,0,0,0,0,0,0,0,0,0,0,0,0,0,0,0,0,0,0,0,0,0,0,0,0,0,0,0,0,0,0,0,0,0,0,0,0,0,0,0,0,0]
