DPI Packets (UDP):	1	(1.00 pkts/flow)
Confidence DPI              : 1 (flows)
Num dissector calls: 25 (25.00 diss/flow)
LRU cache ookla:      0/0/0 (insert/search/found)
LRU cache bittorrent: 0/0/0 (insert/search/found)
LRU cache stun:       0/0/0 (insert/search/found)
LRU cache tls_cert:   0/0/0 (insert/search/found)
LRU cache mining:     0/0/0 (insert/search/found)
LRU cache msteams:    0/0/0 (insert/search/found)
LRU cache fpc_dns:    0/0/0 (insert/search/found)
Automa host:          0/0 (search/found)
Automa domain:        0/0 (search/found)
Automa tls cert:      0/0 (search/found)
Automa risk mask:     0/0 (search/found)
Automa common alpns:  0/0 (search/found)
Patricia risk mask:   0/0 (search/found)
Patricia risk mask IPv6: 0/0 (search/found)
Patricia risk:        0/0 (search/found)
Patricia risk IPv6:   0/0 (search/found)
Patricia protocols:   2/0 (search/found)
Patricia protocols IPv6: 0/0 (search/found)

SSDP	1	848	1

Acceptable                       1 848           1            

	1	UDP 192.168.1.173:58006 -> 239.255.255.250:1900 [proto: 12/SSDP][IP: 0/Unknown][ClearText][Confidence: DPI][FPC: 12/SSDP, Confidence: DPI][DPI packets: 1][cat: System/18][1 pkts/848 bytes -> 0 pkts/0 bytes][Goodput ratio: 95/0][< 1 sec][Hostname/SNI: 239.255.255.250:1900][PLAIN TEXT (ENOTIFY )][Plen Bins: 0,0,0,0,0,0,0,0,0,0,0,0,0,0,0,0,0,0,0,0,0,0,0,0,0,100,0,0,0,0,0,0,0,0,0,0,0,0,0,0,0,0,0,0,0,0,0,0]
